// Jest Snapshot v1, https://goo.gl/fbAQLP

exports[`ImmutableState bytecode size 1`] = `193`;
