// Jest Snapshot v1, https://goo.gl/fbAQLP

exports[`SwapRouter gas tests #exactInput 0 -> 1 -> 2 1`] = `175314`;

exports[`SwapRouter gas tests #exactInput 0 -> 1 1`] = `110507`;

exports[`SwapRouter gas tests #exactInput 0 -> 1 minimal 1`] = `98059`;

exports[`SwapRouter gas tests #exactInput 0 -> WETH9 1`] = `127401`;

exports[`SwapRouter gas tests #exactInput 2 trades (directly to sender) 1`] = `178993`;

exports[`SwapRouter gas tests #exactInput 2 trades (via router) 1`] = `188499`;

exports[`SwapRouter gas tests #exactInput 3 trades (directly to sender) 1`] = `257729`;

exports[`SwapRouter gas tests #exactInput WETH9 -> 0 1`] = `108832`;

exports[`SwapRouter gas tests #exactInputSingle 0 -> 1 1`] = `109838`;

exports[`SwapRouter gas tests #exactInputSingle 0 -> WETH9 1`] = `126732`;

exports[`SwapRouter gas tests #exactInputSingle WETH9 -> 0 1`] = `108163`;

exports[`SwapRouter gas tests #exactOutput 0 -> 1 -> 2 1`] = `169280`;

exports[`SwapRouter gas tests #exactOutput 0 -> 1 1`] = `111704`;

exports[`SwapRouter gas tests #exactOutput 0 -> WETH9 1`] = `128610`;

exports[`SwapRouter gas tests #exactOutput WETH9 -> 0 1`] = `119706`;

exports[`SwapRouter gas tests #exactOutputSingle 0 -> 1 1`] = `111838`;

exports[`SwapRouter gas tests #exactOutputSingle 0 -> WETH9 1`] = `128744`;

exports[`SwapRouter gas tests #exactOutputSingle WETH9 -> 0 1`] = `112627`;
