// Jest Snapshot v1, https://goo.gl/fbAQLP

exports[`SwapRouter bytecode size 1`] = `24563`;
